name: 'upload'

on:
  push:
    branches:
      - 'main'
  workflow_dispatch:

permissions:
  contents: 'read'
  id-token: 'write'

concurrency:
  group: '${{ github.workflow }}-${{ github.head_ref || github.ref }}'
  cancel-in-progress: true

env:
  GO_VERSION: '1.21.1'
  WIF_PROVIDER: 'projects/my-project/locations/global/workloadIdentityPools/my-pool/providers/my-provider'
  WIF_SERVICE_ACCOUNT: 'platform-ops@abcxyz-my-project.iam.gserviceaccount.com'
  PROJECT_ID: 'example.com:my-project'
  GO_GAR_REPOSITORY_NAME: 'my-go-gar'
  GO_GAR_REPOSITORY_LOCATION: 'us'
  GO_MODULE_PATH: 'mymodule'
  GO_GAR_PROTO_VERSION: 'v0.0.0'

jobs:
  ci:
    uses: './.github/workflows/ci.yml'
    permissions:
      contents: 'read'
      id-token: 'write'

  deploy_go:
    needs:
      - 'ci'
    runs-on: 'ubuntu-latest'
    steps:
      - name: 'Checkout'
        uses: 'actions/checkout@c85c95e3d7251135ab7dc9ce3241c5835cc595a9' # ratchet:actions/checkout@v3

      - id: 'auth'
        name: 'Authenticate to Google Cloud'
        uses: 'google-github-actions/auth@ef5d53e30bbcd8d0836f4288f5e50ff3e086997d' # ratchet:google-github-actions/auth@v1
        with:
          workload_identity_provider: '${{ env.WIF_PROVIDER }}'
          service_account: '${{ env.WIF_SERVICE_ACCOUNT }}'

      - name: 'Setup gcloud'
        uses: 'google-github-actions/setup-gcloud@d51b5346f85640ec2aa2fa057354d2b82c2fcbce' # ratchet:google-github-actions/setup-gcloud@v1
        with:
          install_components: 'package-go-module'

      - name: 'Setup Go'
        uses: 'actions/setup-go@fac708d6674e30b6ba41289acaab6d4b75aa0753' # ratchet:actions/setup-go@v4
        with:
          go-version: '${{ env.GO_VERSION }}'

      - name: 'Upload to GAR (go)'
        env:
          # version must be prefixed with vX.Y.Z https://cloud.google.com/artifact-registry/docs/go/store-go#package_and_upload_your_module
          # the sha suffix is easily associate a commit with a version.
          VERSION: '${{ env.GO_GAR_PROTO_VERSION }}-${{ github.sha }}'
          GO_GEN_PROTOS_DIRECTORY: './gen/go'
        run: |-
          gcloud artifacts go upload \
          --module-path='${{ env.GO_MODULE_PATH }}' \
          --source=$GO_GEN_PROTOS_DIRECTORY \
          --project='${{ env.PROJECT_ID }}' \
          --location='${{ env.GO_GAR_REPOSITORY_LOCATION }}' \
          --repository='${{ env.GO_GAR_REPOSITORY_NAME }}' \
          --version=$VERSION
