api_version: 'cli.abcxyz.dev/v1beta3'
kind: 'GoldenTest'
