This template isn't being rendered from git, so there's no SHA or tag.
