api_version: 'cli.abcxyz.dev/v1beta5'
kind: 'GoldenTest'
inputs:
  - name: 'project_id'
    value: 'example.com:my-project'
  - name: 'go_gar_repository_name'
    value: 'my-go-gar'
  - name: 'go_gar_repository_location'
    value: 'us'
  - name: 'github_org_name'
    value: 'my-org'
  - name: 'github_repo_name'
    value: 'my-repo'
  - name: 'protobuf_version'
    value: '24.3'
  - name: 'protoc_gen_go_version'
    value: '1.31.0'
  - name: 'go_module_path'
    value: 'mymodule'
  - name: 'go_version'
    value: '1.21.1'
  - name: 'wif_provider'
    value: 'projects/my-project/locations/global/workloadIdentityPools/my-pool/providers/my-provider'
  - name: 'wif_service_account'
    value: 'platform-ops@abcxyz-my-project.iam.gserviceaccount.com'
