protoc:
  version: '24.3'

lint:
  group: 'google'
