This template is rendered from git. The git short SHA is
3d99e9b and the full SHA is 3d99e9bae57b99bc551904ab1b916ecd3c9c4118.
There isn't a tag pointing to this SHA.
