api_version: 'cli.abcxyz.dev/v1beta3'
kind: 'GoldenTest'
inputs:
  - name: 'person_name'
    value: 'Alice'
