name: 'Continuous Integration'

on:
  push:
    branches: 'main'
  pull_request:
    branches: 'main'

jobs:
  build:
    runs-on: 'ubuntu-latest'
    steps:
      - name: 'Checkout repository'
        uses: 'actions/checkout@8e5e7e5ab8b370d6c329ec480221332ada57f0ab' # ratchet:actions/checkout@v3

      - name: 'Use Node.js 16'
        uses: 'actions/setup-node@main'
        with:
          node-version: '16'

      - name: 'Install dependencies'
        run: 'npm ci'

      - name: 'Lint'
        run: 'npm run lint'

      - name: 'Unit test'
        run: 'npm run test'

      - name: 'Docker Build'
        run: 'DOCKER_BUILDKIT=1 docker build --build-arg app_version=$(git describe --tags --always) . -t services/react-template'

      - name: 'Cypress run'
        uses: 'cypress-io/github-action@master'
        with:
          start: 'npm start'
          wait-on: 'http://localhost:3000'
