# Copyright 2023 Google LLC
#
# Licensed under the Apache License, Version 2.0 (the "License");
# you may not use this file except in compliance with the License.
# You may obtain a copy of the License at
#
#      http://www.apache.org/licenses/LICENSE-2.0
#
# Unless required by applicable law or agreed to in writing, software
# distributed under the License is distributed on an "AS IS" BASIS,
# WITHOUT WARRANTIES OR CONDITIONS OF ANY KIND, either express or implied.
# See the License for the specific language governing permissions and
# limitations under the License.

name: 'deploy'
on:
  workflow_dispatch:
    inputs:
      deployment_environment:
        type: 'choice'
        description: 'Environment to deploy image to.'
        default: 'autopush'
        options:
          - 'autopush'

  workflow_call:
    inputs:
      deployment_environment:
        type: 'string'
        description: 'Environment to deploy image to.'
        default: 'autopush'

concurrency:
  group: '${{ github.workflow }}-${{ github.head_ref || github.ref }}'
  cancel-in-progress: true

# Define all env variables in the bootstrap files under
# .github/config/{{ environment }}.env
# More environments are expected to be added in the future.
jobs:
  image-release:
    permissions:
      contents: 'read'
      id-token: 'write'
    name: 'Release Image'
    runs-on: 'ubuntu-latest'
    steps:
      - name: 'Checkout Repo'
        uses: 'actions/checkout@b4ffde65f46336ab88eb53be808477a3936bae11' # ratchet:actions/checkout@v4

      - name: 'Load variables from .env file'
        uses: 'abcxyz/pkg/.github/actions/override-workflow-variables@e8ce6e3f1af546bb30008af2322b1fd6dd62c1e2' # ratchet:abcxyz/pkg/.github/actions/override-workflow-variables@main
        with:
          env_file: '.github/config/${{inputs.deployment_environment}}.env'

      - id: 'auth'
        name: 'Authenticate to Google Cloud'
        uses: 'google-github-actions/auth@55bd3a7c6e2ae7cf1877fd1ccb9d54c0503c457c' # ratchet:google-github-actions/auth@v2
        with:
          token_format: 'access_token'
          service_account: '${{ env.AUTOMATION_SERVICE_ACCOUNT }}'
          workload_identity_provider: '${{ env.WIF_PROVIDER }}'

      - name: 'Login to Artifact Registry'
        uses: 'docker/login-action@343f7c4344506bcbf9b4de18042ae17996df046d' # ratchet:docker/login-action@v3
        with:
          registry: '${{ env.AR_LOCATION }}'
          username: 'oauth2accesstoken'
          password: '${{ steps.auth.outputs.access_token }}'

      - name: 'Setup Go'
        uses: 'actions/setup-go@0c52d547c9bc32b1aa3301fd7a9cb496313a4491' # ratchet:actions/setup-go@v5
        with:
          go-version-file: 'go.mod'

      - name: 'Build Docker Image'
        run: |
          DOCKER_BUILDKIT=1 docker build --build-arg app_version=$(git describe --tags --always) . -t ${{ env.IMAGE }}

      - name: 'Push Docker Image'
        run: |
          docker push ${{ env.IMAGE }}

  deploy-service:
    needs:
      - 'image-release'
    permissions:
      contents: 'read'
      id-token: 'write'
    name: 'Deploy Service'
    runs-on: 'ubuntu-latest'
    steps:
      - name: 'Checkout Repo'
        uses: 'actions/checkout@b4ffde65f46336ab88eb53be808477a3936bae11' # ratchet:actions/checkout@v4

      - name: 'Load variables from .env file'
        uses: 'abcxyz/pkg/.github/actions/override-workflow-variables@e8ce6e3f1af546bb30008af2322b1fd6dd62c1e2' # ratchet:abcxyz/pkg/.github/actions/override-workflow-variables@main
        with:
          env_file: '.github/config/${{inputs.deployment_environment}}.env'

      - name: 'Google Auth'
        id: 'auth'
        uses: 'google-github-actions/auth@55bd3a7c6e2ae7cf1877fd1ccb9d54c0503c457c' # ratchet:google-github-actions/auth@v2
        with:
          token_format: 'access_token'
          service_account: '${{ env.AUTOMATION_SERVICE_ACCOUNT }}'
          workload_identity_provider: '${{ env.WIF_PROVIDER }}'

      - name: 'Set up Cloud SDK'
        uses: 'google-github-actions/setup-gcloud@98ddc00a17442e89a24bbf282954a3b65ce6d200' # ratchet:google-github-actions/setup-gcloud@v2
        with:
          version: '>= 363.0.0'

      - name: 'Deploy to Cloud Run'
        run: |-
          gcloud run deploy ${{ env.CR_SERVICE }} \
            --image ${{ env.IMAGE }} \
            --quiet \
            --platform managed \
            --region ${{ env.REGION }} \
            --project ${{ env.PROJECT_ID }} \
            --format json
