{
  "short_name": "React Template",
  "name": "React Template sample",
  "start_url": ".",
  "display": "standalone",
  "theme_color": "#000000",
  "background_color": "#ffffff"
}
