apiVersion: 'cli.abcxyz.dev/v1beta5'
kind: 'GoldenTest'

builtin_vars:
  - name: '_git_sha'
    value: ''
  - name: '_git_short_sha'
    value: ''
  - name: '_git_tag'
    value: ''
