api_version: 'cli.abcxyz.dev/v1alpha1'
kind: 'GoldenTest'