# Copyright 2023 Google LLC
#
# Licensed under the Apache License, Version 2.0 (the "License");
# you may not use this file except in compliance with the License.
# You may obtain a copy of the License at
#
#      http://www.apache.org/licenses/LICENSE-2.0
#
# Unless required by applicable law or agreed to in writing, software
# distributed under the License is distributed on an "AS IS" BASIS,
# WITHOUT WARRANTIES OR CONDITIONS OF ANY KIND, either express or implied.
# See the License for the specific language governing permissions and
# limitations under the License.

name: 'ci rest server'

on:
  push:
    branches:
      - 'main'
  pull_request:
    branches:
      - 'main'
  workflow_dispatch:
  workflow_call:

concurrency:
  group: '${{ github.workflow }}-${{ github.head_ref || github.ref }}'
  cancel-in-progress: true

jobs:
  go_lint:
    uses: 'abcxyz/pkg/.github/workflows/go-lint.yml@e8ce6e3f1af546bb30008af2322b1fd6dd62c1e2' # ratchet:abcxyz/pkg/.github/workflows/go-lint.yml@main

  go_test:
    uses: 'abcxyz/pkg/.github/workflows/go-test.yml@e8ce6e3f1af546bb30008af2322b1fd6dd62c1e2' # ratchet:abcxyz/pkg/.github/workflows/go-test.yml@main

  yaml_lint:
    uses: 'abcxyz/pkg/.github/workflows/yaml-lint.yml@main' # ratchet:exclude
