api_version: cli.abcxyz.dev/v1beta3
kind: GoldenTest
inputs:
    - name: environments
      value: prod
builtin_vars:
    - name: _git_tag
      value: my-cool-tag
